ASxxxx Linker V03.00 + NoICE + sdld,  page 1.
Hexadecimal  [32-Bits]

Area                                    Addr        Size        Decimal Bytes (Attributes)
--------------------------------        ----        ----        ------- ----- ------------
.  .ABS.                            00000000    00000000 =           0. bytes (ABS,CON)

      Value  Global                              Global Defined In Module
      -----  --------------------------------   ------------------------
     00000000  .__.ABS.                           _strlen
     00000000  l_CABS                          
     00000000  l_DABS                          
     00000000  l_DATA                          
     00000000  l_INITIALIZED                   
     00000000  l_INITIALIZER                   
     00000000  l__CODE                         
     00000000  s_CABS                          
     00000000  s_DABS                          
     00000000  s__CODE                         
     00000001  l_SSEG                          
     00000001  s_DATA                          
     00000001  s_INITIALIZED                   
     00000001  s_SSEG                          
     00000003  l_GSFINAL                       
     00000007  l_HOME                          
     0000001A  l_GSINIT                        
     000012FF  l_CODE                          
     00008000  s_HOME                          
     00008007  s_GSINIT                        
     00008021  s_GSFINAL                       
     00008024  s_CODE                          
     00009323  s_INITIALIZER                   

ASxxxx Linker V03.00 + NoICE + sdld,  page 2.
Hexadecimal  [32-Bits]

Area                                    Addr        Size        Decimal Bytes (Attributes)
--------------------------------        ----        ----        ------- ----- ------------
SSEG                                00000001    00000001 =           1. bytes (REL,CON)

      Value  Global                              Global Defined In Module
      -----  --------------------------------   ------------------------
ASxxxx Linker V03.00 + NoICE + sdld,  page 3.
Hexadecimal  [32-Bits]

Area                                    Addr        Size        Decimal Bytes (Attributes)
--------------------------------        ----        ----        ------- ----- ------------
HOME                                00008000    00000007 =           7. bytes (REL,CON)

      Value  Global                              Global Defined In Module
      -----  --------------------------------   ------------------------
ASxxxx Linker V03.00 + NoICE + sdld,  page 4.
Hexadecimal  [32-Bits]

Area                                    Addr        Size        Decimal Bytes (Attributes)
--------------------------------        ----        ----        ------- ----- ------------
GSINIT                              00008007    0000001A =          26. bytes (REL,CON)

      Value  Global                              Global Defined In Module
      -----  --------------------------------   ------------------------
ASxxxx Linker V03.00 + NoICE + sdld,  page 5.
Hexadecimal  [32-Bits]

Area                                    Addr        Size        Decimal Bytes (Attributes)
--------------------------------        ----        ----        ------- ----- ------------
GSFINAL                             00008021    00000003 =           3. bytes (REL,CON)

      Value  Global                              Global Defined In Module
      -----  --------------------------------   ------------------------
ASxxxx Linker V03.00 + NoICE + sdld,  page 6.
Hexadecimal  [32-Bits]

Area                                    Addr        Size        Decimal Bytes (Attributes)
--------------------------------        ----        ----        ------- ----- ------------
CODE                                00008024    000012FF =        4863. bytes (REL,CON)

      Value  Global                              Global Defined In Module
      -----  --------------------------------   ------------------------
     00008081  _main                              main
     0000823B  _putchar                           se8r01
     00008244  _getchar                           se8r01
     00008247  _SPI_write_read_reg                se8r01
     0000826C  _SPI_write_buf                     se8r01
     000082A2  _SPI_read_buf                      se8r01
     000082DE  _se8r01_init                       se8r01
     000083A1  _se8r01_wait_rx                    se8r01
     000083ED  _se8r01_tx                         se8r01
     00008436  _se8r01_get_status                 se8r01
     00008440  _init_io                           se8r01
     0000849C  _clear_IRQ_flags                   se8r01
     000084B3  _rf_switch_bank                    se8r01
     000084E1  _se8r01_powerup                    se8r01
     0000850C  _se8r01_calibration                se8r01
     000086A5  _se8r01_setup                      se8r01
     000087F2  _se8r01_settings                   se8r01
     00008866  _se8r01_flush_TX                   se8r01
     00008870  _se8r01_flush_RX                   se8r01
     000088ED  _uart_init                         uart
     000088FC  _uart_write                        uart
     0000890B  _uart_read                         uart
     00008975  _SPI_init                          spi
     0000898B  _SPI_read                          spi
     0000899D  _SPI_write                         spi
     000089AF  _SPI_write_read                    spi
     000089D3  _init_bit                          spi
     000089F5  _SPI_write_read_bit                spi
     00008A37  _eeprom_unlock                     eeprom
     00008A48  _option_bytes_unlock               eeprom
     00008A51  _eeprom_lock                       eeprom
     00008A59  _eeprom_wait_busy                  eeprom
     00008A62  _i2c_init                          i2c
     00008A73  _i2c_start                         i2c
     00008A7F  _i2c_stop                          i2c
     00008A8E  _i2c_write                         i2c
     00008A9B  _i2c_write_addr                    i2c
     00008AB5  _i2c_read                          i2c
     00008ACC  _i2c_read_arr                      i2c
     00008B04  __mulint                           
     00008B28  _vprintf                           vprintf
     00008B3A  _printf                            vprintf
     00008B50  __mullong                          
     00008BCC  __divsint                          
     00008C8B  __print_format                     printf_large
     00009314  _strlen                            _strlen

ASxxxx Linker V03.00 + NoICE + sdld,  page 7.

Files Linked                              [ module(s) ]

main.rel                                  [ main ]
../../stm8/se8r01.rel                     [ se8r01 ]
../../stm8/uart.rel                       [ uart ]
../../stm8/spi.rel                        [ spi ]
../../stm8/eeprom.rel                     [ eeprom ]
../../stm8/i2c.rel                        [ i2c ]


Libraries Linked                          [ object file ]

/usr/local/bin/../share/sdcc/lib/stm8/stm8.lib
                                          [ _mulint.rel ]
/usr/local/bin/../share/sdcc/lib/stm8/stm8.lib
                                          [ vprintf.rel ]
/usr/local/bin/../share/sdcc/lib/stm8/stm8.lib
                                          [ _mullong.rel ]
/usr/local/bin/../share/sdcc/lib/stm8/stm8.lib
                                          [ _divsint.rel ]
/usr/local/bin/../share/sdcc/lib/stm8/stm8.lib
                                          [ printf_large.rel ]
/usr/local/bin/../share/sdcc/lib/stm8/stm8.lib
                                          [ _strlen.rel ]

ASxxxx Linker V03.00 + NoICE + sdld,  page 8.

User Base Address Definitions

HOME = 0x8000
DATA = 0x0001

