                                      1 ;--------------------------------------------------------
                                      2 ; File Created by SDCC : free open source ANSI-C Compiler
                                      3 ; Version 3.6.8 #9946 (Linux)
                                      4 ;--------------------------------------------------------
                                      5 	.module i2c
                                      6 	.optsdcc -mstm8
                                      7 	
                                      8 ;--------------------------------------------------------
                                      9 ; Public variables in this module
                                     10 ;--------------------------------------------------------
                                     11 	.globl _i2c_init
                                     12 	.globl _i2c_start
                                     13 	.globl _i2c_stop
                                     14 	.globl _i2c_write
                                     15 	.globl _i2c_write_addr
                                     16 	.globl _i2c_read
                                     17 	.globl _i2c_read_arr
                                     18 ;--------------------------------------------------------
                                     19 ; ram data
                                     20 ;--------------------------------------------------------
                                     21 	.area DATA
                                     22 ;--------------------------------------------------------
                                     23 ; ram data
                                     24 ;--------------------------------------------------------
                                     25 	.area INITIALIZED
                                     26 ;--------------------------------------------------------
                                     27 ; absolute external ram data
                                     28 ;--------------------------------------------------------
                                     29 	.area DABS (ABS)
                                     30 ;--------------------------------------------------------
                                     31 ; global & static initialisations
                                     32 ;--------------------------------------------------------
                                     33 	.area HOME
                                     34 	.area GSINIT
                                     35 	.area GSFINAL
                                     36 	.area GSINIT
                                     37 ;--------------------------------------------------------
                                     38 ; Home
                                     39 ;--------------------------------------------------------
                                     40 	.area HOME
                                     41 	.area HOME
                                     42 ;--------------------------------------------------------
                                     43 ; code
                                     44 ;--------------------------------------------------------
                                     45 	.area CODE
                                     46 ;	../../stm8/i2c.c: 4: void i2c_init() {
                                     47 ;	-----------------------------------------
                                     48 ;	 function i2c_init
                                     49 ;	-----------------------------------------
      000000                         50 _i2c_init:
                                     51 ;	../../stm8/i2c.c: 5: I2C_FREQR = (1 << I2C_FREQR_FREQ1);
      000000 35 02 52 12      [ 1]   52 	mov	0x5212+0, #0x02
                                     53 ;	../../stm8/i2c.c: 6: I2C_CCRL = 0x0A; // 100kHz
      000004 35 0A 52 1B      [ 1]   54 	mov	0x521b+0, #0x0a
                                     55 ;	../../stm8/i2c.c: 7: I2C_OARH = (1 << I2C_OARH_ADDMODE); // 7-bit addressing
      000008 35 80 52 14      [ 1]   56 	mov	0x5214+0, #0x80
                                     57 ;	../../stm8/i2c.c: 8: I2C_CR1 = (1 << I2C_CR1_PE);
      00000C 35 01 52 10      [ 1]   58 	mov	0x5210+0, #0x01
      000010 81               [ 4]   59 	ret
                                     60 ;	../../stm8/i2c.c: 11: void i2c_start() {
                                     61 ;	-----------------------------------------
                                     62 ;	 function i2c_start
                                     63 ;	-----------------------------------------
      000011                         64 _i2c_start:
                                     65 ;	../../stm8/i2c.c: 12: I2C_CR2 |= (1 << I2C_CR2_START);
      000011 72 10 52 11      [ 1]   66 	bset	0x5211, #0
                                     67 ;	../../stm8/i2c.c: 13: while (!(I2C_SR1 & (1 << I2C_SR1_SB)));
      000015                         68 00101$:
      000015 AE 52 17         [ 2]   69 	ldw	x, #0x5217
      000018 F6               [ 1]   70 	ld	a, (x)
      000019 44               [ 1]   71 	srl	a
      00001A 24 F9            [ 1]   72 	jrnc	00101$
      00001C 81               [ 4]   73 	ret
                                     74 ;	../../stm8/i2c.c: 16: void i2c_stop() {
                                     75 ;	-----------------------------------------
                                     76 ;	 function i2c_stop
                                     77 ;	-----------------------------------------
      00001D                         78 _i2c_stop:
                                     79 ;	../../stm8/i2c.c: 17: I2C_CR2 |= (1 << I2C_CR2_STOP);
      00001D AE 52 11         [ 2]   80 	ldw	x, #0x5211
      000020 F6               [ 1]   81 	ld	a, (x)
      000021 AA 02            [ 1]   82 	or	a, #0x02
      000023 F7               [ 1]   83 	ld	(x), a
                                     84 ;	../../stm8/i2c.c: 18: while (!(I2C_SR3 & (1 << I2C_SR3_MSL)));
      000024                         85 00101$:
      000024 AE 52 19         [ 2]   86 	ldw	x, #0x5219
      000027 F6               [ 1]   87 	ld	a, (x)
      000028 44               [ 1]   88 	srl	a
      000029 24 F9            [ 1]   89 	jrnc	00101$
      00002B 81               [ 4]   90 	ret
                                     91 ;	../../stm8/i2c.c: 21: void i2c_write(uint8_t data) {
                                     92 ;	-----------------------------------------
                                     93 ;	 function i2c_write
                                     94 ;	-----------------------------------------
      00002C                         95 _i2c_write:
                                     96 ;	../../stm8/i2c.c: 22: I2C_DR = data;
      00002C AE 52 16         [ 2]   97 	ldw	x, #0x5216
      00002F 7B 03            [ 1]   98 	ld	a, (0x03, sp)
      000031 F7               [ 1]   99 	ld	(x), a
                                    100 ;	../../stm8/i2c.c: 23: while (!(I2C_SR1 & (1 << I2C_SR1_TXE)));
      000032                        101 00101$:
      000032 AE 52 17         [ 2]  102 	ldw	x, #0x5217
      000035 F6               [ 1]  103 	ld	a, (x)
      000036 2A FA            [ 1]  104 	jrpl	00101$
      000038 81               [ 4]  105 	ret
                                    106 ;	../../stm8/i2c.c: 26: void i2c_write_addr(uint8_t addr) {
                                    107 ;	-----------------------------------------
                                    108 ;	 function i2c_write_addr
                                    109 ;	-----------------------------------------
      000039                        110 _i2c_write_addr:
                                    111 ;	../../stm8/i2c.c: 27: I2C_DR = addr;
      000039 AE 52 16         [ 2]  112 	ldw	x, #0x5216
      00003C 7B 03            [ 1]  113 	ld	a, (0x03, sp)
      00003E F7               [ 1]  114 	ld	(x), a
                                    115 ;	../../stm8/i2c.c: 28: while (!(I2C_SR1 & (1 << I2C_SR1_ADDR)));
      00003F                        116 00101$:
      00003F AE 52 17         [ 2]  117 	ldw	x, #0x5217
      000042 F6               [ 1]  118 	ld	a, (x)
      000043 A5 02            [ 1]  119 	bcp	a, #0x02
      000045 27 F8            [ 1]  120 	jreq	00101$
                                    121 ;	../../stm8/i2c.c: 29: (void) I2C_SR3; // check BUS_BUSY
      000047 AE 52 19         [ 2]  122 	ldw	x, #0x5219
      00004A F6               [ 1]  123 	ld	a, (x)
                                    124 ;	../../stm8/i2c.c: 30: I2C_CR2 |= (1 << I2C_CR2_ACK);
      00004B AE 52 11         [ 2]  125 	ldw	x, #0x5211
      00004E F6               [ 1]  126 	ld	a, (x)
      00004F AA 04            [ 1]  127 	or	a, #0x04
      000051 F7               [ 1]  128 	ld	(x), a
      000052 81               [ 4]  129 	ret
                                    130 ;	../../stm8/i2c.c: 33: uint8_t i2c_read() {
                                    131 ;	-----------------------------------------
                                    132 ;	 function i2c_read
                                    133 ;	-----------------------------------------
      000053                        134 _i2c_read:
                                    135 ;	../../stm8/i2c.c: 34: I2C_CR2 &= ~(1 << I2C_CR2_ACK);
      000053 AE 52 11         [ 2]  136 	ldw	x, #0x5211
      000056 F6               [ 1]  137 	ld	a, (x)
      000057 A4 FB            [ 1]  138 	and	a, #0xfb
      000059 F7               [ 1]  139 	ld	(x), a
                                    140 ;	../../stm8/i2c.c: 35: i2c_stop();
      00005A CDr00r1D         [ 4]  141 	call	_i2c_stop
                                    142 ;	../../stm8/i2c.c: 36: while (!(I2C_SR1 & (1 << I2C_SR1_RXNE)));
      00005D                        143 00101$:
      00005D AE 52 17         [ 2]  144 	ldw	x, #0x5217
      000060 F6               [ 1]  145 	ld	a, (x)
      000061 A5 40            [ 1]  146 	bcp	a, #0x40
      000063 27 F8            [ 1]  147 	jreq	00101$
                                    148 ;	../../stm8/i2c.c: 37: return I2C_DR;
      000065 AE 52 16         [ 2]  149 	ldw	x, #0x5216
      000068 F6               [ 1]  150 	ld	a, (x)
      000069 81               [ 4]  151 	ret
                                    152 ;	../../stm8/i2c.c: 40: void i2c_read_arr(uint8_t *buf, int len) {
                                    153 ;	-----------------------------------------
                                    154 ;	 function i2c_read_arr
                                    155 ;	-----------------------------------------
      00006A                        156 _i2c_read_arr:
      00006A 52 02            [ 2]  157 	sub	sp, #2
                                    158 ;	../../stm8/i2c.c: 41: while (len-- > 1) {
      00006C                        159 00104$:
      00006C 16 07            [ 2]  160 	ldw	y, (0x07, sp)
      00006E 93               [ 1]  161 	ldw	x, y
      00006F 5A               [ 2]  162 	decw	x
      000070 1F 07            [ 2]  163 	ldw	(0x07, sp), x
                                    164 ;	../../stm8/i2c.c: 44: *(buf++) = I2C_DR;
      000072 1E 05            [ 2]  165 	ldw	x, (0x05, sp)
      000074 1F 01            [ 2]  166 	ldw	(0x01, sp), x
                                    167 ;	../../stm8/i2c.c: 41: while (len-- > 1) {
      000076 90 A3 00 01      [ 2]  168 	cpw	y, #0x0001
      00007A 2D 1D            [ 1]  169 	jrsle	00106$
                                    170 ;	../../stm8/i2c.c: 42: I2C_CR2 |= (1 << I2C_CR2_ACK);
      00007C AE 52 11         [ 2]  171 	ldw	x, #0x5211
      00007F F6               [ 1]  172 	ld	a, (x)
      000080 AA 04            [ 1]  173 	or	a, #0x04
      000082 F7               [ 1]  174 	ld	(x), a
                                    175 ;	../../stm8/i2c.c: 43: while (!(I2C_SR1 & (1 << I2C_SR1_RXNE)));
      000083                        176 00101$:
      000083 AE 52 17         [ 2]  177 	ldw	x, #0x5217
      000086 F6               [ 1]  178 	ld	a, (x)
      000087 A5 40            [ 1]  179 	bcp	a, #0x40
      000089 27 F8            [ 1]  180 	jreq	00101$
                                    181 ;	../../stm8/i2c.c: 44: *(buf++) = I2C_DR;
      00008B AE 52 16         [ 2]  182 	ldw	x, #0x5216
      00008E F6               [ 1]  183 	ld	a, (x)
      00008F 1E 01            [ 2]  184 	ldw	x, (0x01, sp)
      000091 F7               [ 1]  185 	ld	(x), a
      000092 1E 01            [ 2]  186 	ldw	x, (0x01, sp)
      000094 5C               [ 1]  187 	incw	x
      000095 1F 05            [ 2]  188 	ldw	(0x05, sp), x
      000097 20 D3            [ 2]  189 	jra	00104$
      000099                        190 00106$:
                                    191 ;	../../stm8/i2c.c: 46: *buf = i2c_read();
      000099 CDr00r53         [ 4]  192 	call	_i2c_read
      00009C 1E 01            [ 2]  193 	ldw	x, (0x01, sp)
      00009E F7               [ 1]  194 	ld	(x), a
      00009F 5B 02            [ 2]  195 	addw	sp, #2
      0000A1 81               [ 4]  196 	ret
                                    197 	.area CODE
                                    198 	.area INITIALIZER
                                    199 	.area CABS (ABS)
